// Jest Snapshot v1, https://goo.gl/fbAQLP

exports[`matches snapshot when user is logged in 1`] = `
<DocumentFragment>
  <div
    class="Profile container mt-3"
  >
    <div
      class="card pt-2"
    >
      <h4
        class="card-title"
      >
        test's Profile:
      </h4>
      <div
        class="card-body"
      >
        <form>
          <div
            class="form-group"
          >
            <label
              for="first_name"
            >
              First Name
            </label>
            <input
              class="form-control"
              id="first_name"
              name="first_name"
              placeholder="e.g. John"
              type="text"
              value="test"
            />
          </div>
          <div
            class="form-group"
          >
            <label
              for="last_name"
            >
              Last Name
            </label>
            <input
              class="form-control"
              id="last_name"
              name="last_name"
              placeholder="e.g. Smith"
              type="text"
              value="mctest"
            />
          </div>
          <div
            class="form-group"
          >
            <label
              for="email"
            >
              Email Address
            </label>
            <input
              class="form-control"
              id="email"
              name="email"
              placeholder="e.g. johnsmith@gmail.com"
              type="text"
              value="test@test.net"
            />
          </div>
          <div
            class="form-group"
          >
            <label
              for="password"
            >
              Confirm with Password
            </label>
            <input
              class="form-control"
              id="password"
              name="password"
              placeholder="Password"
              type="password"
              value=""
            />
          </div>
          <button
            class="btn btn-success"
          >
            Save Updated Information
          </button>
        </form>
      </div>
      <div
        class="card-footer"
      >
        <a
          href="/applications"
        >
          <button
            class="btn btn-outline-info"
          >
            View current applications
          </button>
        </a>
      </div>
    </div>
  </div>
</DocumentFragment>
`;
